[2026-03-02T01:43:06.897Z] test | 1 options | chose 0 | Only one option available
[2026-03-02T01:55:35.512Z] AUTO: test -> pass
[2026-03-02T01:56:07.218Z] getAbilityToPlay: chose 1 — Cast Monastery Swiftspear (reason: 1)
[2026-03-02T02:46:33.926Z] declareAttackers: chose 1 — Attack with all: Enduring Sliver 2/2 (reason: 1)
[2026-03-02T02:49:30.161Z] getAbilityToPlay: chose 0 — Play Mountain (reason: 0)
[2026-03-02T02:55:51.202Z] chooseSpellAbilityToPlay: chose 4 — Swamp - Play land (reason: 4)
[2026-03-02T02:55:55.846Z] chooseSpellAbilityToPlay: chose 0 — Pass priority (do nothing) (reason: 0)
[2026-03-02T02:55:58.948Z] chooseSpellAbilityToPlay: chose 0 — Pass priority (do nothing) (reason: 0)
[2026-03-02T02:56:03.920Z] chooseSpellAbilityToPlay: chose 0 — Pass priority (do nothing) (reason: 0)
[2026-03-02T02:56:12.998Z] chooseSpellAbilityToPlay: chose 0 — Pass priority (do nothing) (reason: 0)
[2026-03-02T02:56:17.364Z] chooseSpellAbilityToPlay: chose 0 — Pass priority (do nothing) (reason: 0)
[2026-03-02T02:56:21.762Z] chooseSpellAbilityToPlay: chose 0 — Pass priority (do nothing) (reason: 0)
[2026-03-02T02:56:31.954Z] chooseSpellAbilityToPlay: chose 0 — Pass priority (do nothing) (reason: 0)
[2026-03-02T02:56:36.754Z] chooseSpellAbilityToPlay: chose 0 — Pass priority (do nothing) (reason: 0)
[2026-03-02T02:56:51.633Z] chooseSpellAbilityToPlay: chose 0 — Pass priority (do nothing) (reason: 0)
[2026-03-02T02:56:58.308Z] chooseSpellAbilityToPlay: chose 0 — Pass priority (do nothing) (reason: 0)
[2026-03-02T02:57:01.348Z] chooseSpellAbilityToPlay: chose 0 — Pass priority (do nothing) (reason: 0)
[2026-03-02T02:57:12.817Z] chooseSpellAbilityToPlay: chose 0 — Pass priority (do nothing) (reason: 0)
[2026-03-02T02:57:15.974Z] chooseSpellAbilityToPlay: chose 0 — Pass priority (do nothing) (reason: 0)
[2026-03-02T02:57:19.954Z] chooseSpellAbilityToPlay: chose 0 — Pass priority (do nothing) (reason: 0)
[2026-03-02T02:57:26.159Z] chooseSpellAbilityToPlay: chose 0 — Pass priority (do nothing) (reason: 0)
[2026-03-02T02:57:29.614Z] chooseSpellAbilityToPlay: chose 0 — Pass priority (do nothing) (reason: 0)
[2026-03-02T02:57:32.546Z] chooseSpellAbilityToPlay: chose 0 — Pass priority (do nothing) (reason: 0)
[2026-03-02T02:57:35.856Z] chooseSpellAbilityToPlay: chose 8 — Overgrown Tomb - Play land (reason: 8)
[2026-03-02T02:57:39.273Z] chooseSpellAbilityToPlay: chose 1 — Shattering Finale - Target creature an opponent controls perpetually gets -0/-3. (reason: 1)
[2026-03-02T02:57:42.394Z] chooseSpellAbilityToPlay: chose 0 — Pass priority (do nothing) (reason: 0)
[2026-03-02T02:57:52.597Z] chooseSpellAbilityToPlay: chose 0 — Pass priority (do nothing) (reason: 0)
[2026-03-02T02:58:26.456Z] chooseSpellAbilityToPlay: chose 0 — Pass priority (do nothing) (reason: 0)
[2026-03-02T02:58:31.402Z] chooseSpellAbilityToPlay: chose 0 — Pass priority (do nothing) (reason: 0)
[2026-03-02T02:58:36.039Z] chooseSpellAbilityToPlay: chose 7 — Forest - Play land (reason: 7)
[2026-03-02T02:58:46.747Z] chooseSpellAbilityToPlay: chose 2 — Uktabi Drake - Uktabi Drake - Creature 2 / 1 (reason: 2)
[2026-03-02T02:58:49.740Z] chooseSpellAbilityToPlay: chose 0 — Pass priority (do nothing) (reason: 0)
[2026-03-02T02:58:58.737Z] chooseSpellAbilityToPlay: chose 0 — Pass priority (do nothing) (reason: 0)
[2026-03-02T02:59:02.843Z] chooseSpellAbilityToPlay: chose 0 — Pass priority (do nothing) (reason: 0)
[2026-03-02T02:59:07.989Z] declareAttackers: chose 1 — Attack with all: Uktabi Drake 2/1 (reason: 1)
[2026-03-02T02:59:12.077Z] chooseSpellAbilityToPlay: chose 0 — Pass priority (do nothing) (reason: 0)
[2026-03-02T02:59:20.229Z] chooseSpellAbilityToPlay: chose 0 — Pass priority (do nothing) (reason: 0)
